# vsim -coverage -l reg_rst_chk.log -c test_bench -voptargs="+cover=bcesft" -assertdebug -do "coverage save -onexit reg_rst_chk.ucdb; log -r /*;run -all" 
# Start time: 23:53:37 on Aug 28,2026
# ** Note: (vsim-3813) Design is being optimized due to module recompilation...
# //  Questa Intel Starter FPGA Edition-64
# //  Version 2024.3 linux_x86_64 Sep 10 2024
# //
# // Unpublished work. Copyright 2024 Siemens
# //
# // This material contains trade secrets or otherwise confidential information
# // owned by Siemens Industry Software Inc. or its affiliates (collectively,
# // "SISW"), or its licensors. Access to and use of this information is strictly
# // limited as set forth in the Customer's applicable agreements with SISW.
# //
# // This material may not be copied, distributed, or otherwise disclosed outside
# // of the Customer's facilities without the express written permission of SISW,
# // and may not be used in any way not expressly authorized by SISW.
# //
# Loading work.test_bench(fast)
# coverage save -onexit reg_rst_chk.ucdb
#  log -r /*
# run -all
# 
# =======================================================
# [0] [TEST START] PATTERN: reg_rst_chk
# =======================================================
# 
# [35000] [CASE 47] Checking Register Reset Behavior
# [35000] Step 1: Setting timer to work normally...
# [2715000] Step 2: Asserting Hardware Reset (sys_rst_n = 0)...
# [2775000] Step 3: Checking initial values...
# [2816000] [PASS] TCR reset correctly.
# [2856000] [PASS] TDR0 reset correctly.
# [2896000] [PASS] CMP0 reset correctly.
# [2936000] [PASS] TIER reset correctly.
# [2976000] [PASS] TISR reset correctly.
# 
# =======================================================
# [2976000] [TEST SUMMARY] PATTERN: reg_rst_chk ---> PASSED
# =======================================================
# 
# ** Note: $finish    : ../tb/test_bench.v(46)
#    Time: 3076 ns  Iteration: 0  Instance: /test_bench
# Saving coverage database on exit...
# End time: 23:53:38 on Aug 28,2026, Elapsed time: 0:00:01
# Errors: 0, Warnings: 0
