# vsim -coverage -l reg_err_chk.log -c test_bench -voptargs="+cover=bcesft" -assertdebug -do "coverage save -onexit reg_err_chk.ucdb; log -r /*;run -all" 
# Start time: 23:53:30 on Aug 28,2026
# ** Note: (vsim-3813) Design is being optimized due to module recompilation...
# //  Questa Intel Starter FPGA Edition-64
# //  Version 2024.3 linux_x86_64 Sep 10 2024
# //
# // Unpublished work. Copyright 2024 Siemens
# //
# // This material contains trade secrets or otherwise confidential information
# // owned by Siemens Industry Software Inc. or its affiliates (collectively,
# // "SISW"), or its licensors. Access to and use of this information is strictly
# // limited as set forth in the Customer's applicable agreements with SISW.
# //
# // This material may not be copied, distributed, or otherwise disclosed outside
# // of the Customer's facilities without the express written permission of SISW,
# // and may not be used in any way not expressly authorized by SISW.
# //
# Loading work.test_bench(fast)
# coverage save -onexit reg_err_chk.ucdb
#  log -r /*
# run -all
# 
# =======================================================
# [0] [TEST START] PATTERN: reg_err_chk
# =======================================================
# 
# [35000] [CASE 1] Check div_val boundary (limit 8)
# [146000] [PASS] Step 1.1: Write div_val = 6 successful.
# [226000] [PASS] Step 1.2: Write div_val = 8 successful.
# [306000] [PASS] Step 1.3: Write div_val = 10 rejected correctly.
# [386000] [PASS] Step 1.4: Write div_val = 11 rejected correctly.
# 
# [386000] [CASE 2] Change div_en when timer_en = 1
# [576000] [PASS] Case 2: Illegal div_en change blocked.
# 
# [576000] [CASE 3] Change div_val when timer_en = 1
# [766000] [PASS] Case 3: Illegal div_val change blocked.
# 
# [766000] [CASE 4] Change div_val>8, div_en simultaneously when timer_en=1
# [956000] [PASS] Case 4: Multiple illegal changes blocked.
# 
# =======================================================
# [956000] [TEST SUMMARY] PATTERN: reg_err_chk ---> PASSED
# =======================================================
# 
# ** Note: $finish    : ../tb/test_bench.v(46)
#    Time: 1056 ns  Iteration: 0  Instance: /test_bench
# Saving coverage database on exit...
# End time: 23:53:30 on Aug 28,2026, Elapsed time: 0:00:00
# Errors: 0, Warnings: 0
