# vsim -coverage -l apb_multiple_access.log -c test_bench -voptargs="+cover=bcesft" -assertdebug -do "coverage save -onexit apb_multiple_access.ucdb; log -r /*;run -all" 
# Start time: 00:09:38 on Sep 05,2026
# ** Note: (vsim-3813) Design is being optimized due to module recompilation...
# //  Questa Intel Starter FPGA Edition-64
# //  Version 2024.3 linux_x86_64 Sep 10 2024
# //
# // Unpublished work. Copyright 2024 Siemens
# //
# // This material contains trade secrets or otherwise confidential information
# // owned by Siemens Industry Software Inc. or its affiliates (collectively,
# // "SISW"), or its licensors. Access to and use of this information is strictly
# // limited as set forth in the Customer's applicable agreements with SISW.
# //
# // This material may not be copied, distributed, or otherwise disclosed outside
# // of the Customer's facilities without the express written permission of SISW,
# // and may not be used in any way not expressly authorized by SISW.
# //
# Loading work.test_bench(fast)
# coverage save -onexit apb_multiple_access.ucdb
#  log -r /*
# run -all
# 
# =======================================================
# [0] [TEST START] PATTERN: apb_multiple_access
# =======================================================
# 
# [35000] [CASE 44] Multiple access: WW-RR
# [226000] [PASS] ID 44 (TDR0): WW-RR data matches perfectly.
# [226000] [PASS] ID 44 (TDR1): WW-RR data matches perfectly.
# 
# [226000] [CASE 45] Multiple access: WRWR
# [416000] [PASS] ID 45 (TDR0): WRWR data matches perfectly.
# [416000] [PASS] ID 45 (TDR1): WRWR data matches perfectly.
# 
# =======================================================
# [416000] [TEST SUMMARY] PATTERN: apb_multiple_access ---> PASSED
# =======================================================
# 
# ** Note: $finish    : ../tb/test_bench.v(46)
#    Time: 516 ns  Iteration: 0  Instance: /test_bench
# Saving coverage database on exit...
# End time: 00:09:39 on Sep 05,2026, Elapsed time: 0:00:01
# Errors: 0, Warnings: 0
