# vsim -coverage -l cnt_ctrl_chk.log -c test_bench -voptargs="+cover=bcesft" -assertdebug -do "coverage save -onexit cnt_ctrl_chk.ucdb; log -r /*;run -all" 
# Start time: 00:09:28 on Sep 05,2026
# ** Note: (vsim-3813) Design is being optimized due to module recompilation...
# //  Questa Intel Starter FPGA Edition-64
# //  Version 2024.3 linux_x86_64 Sep 10 2024
# //
# // Unpublished work. Copyright 2024 Siemens
# //
# // This material contains trade secrets or otherwise confidential information
# // owned by Siemens Industry Software Inc. or its affiliates (collectively,
# // "SISW"), or its licensors. Access to and use of this information is strictly
# // limited as set forth in the Customer's applicable agreements with SISW.
# //
# // This material may not be copied, distributed, or otherwise disclosed outside
# // of the Customer's facilities without the express written permission of SISW,
# // and may not be used in any way not expressly authorized by SISW.
# //
# Loading work.test_bench(fast)
# coverage save -onexit cnt_ctrl_chk.ucdb
#  log -r /*
# run -all
# 
# =======================================================
# [0] [TEST START] PATTERN: cnt_ctrl_chk
# =======================================================
# [35000] [INFO] Calibrating APB Read overhead...
# [1156000] [INFO] APB Overhead = 4 cycles. Adjusted Wait Time = 2556
# -------------------------------------------------------
# [26956000] [PASS] ID 28 | div_en=0, div_val=0 | Freq=clk/1 (Diff=2560)
# [52756000] [PASS] ID 29 | div_en=1, div_val=0 | Freq=clk/1 (Diff=2560)
# [78556000] [PASS] ID 30 | div_en=1, div_val=1 | Freq=clk/2 (Diff=1280)
# [104356000] [PASS] ID 31 | div_en=1, div_val=2 | Freq=clk/4 (Diff=640)
# [130156000] [PASS] ID 32 | div_en=1, div_val=3 | Freq=clk/8 (Diff=320)
# [155956000] [PASS] ID 33 | div_en=1, div_val=4 | Freq=clk/16 (Diff=160)
# [181756000] [PASS] ID 34 | div_en=1, div_val=5 | Freq=clk/32 (Diff=80)
# [207556000] [PASS] ID 35 | div_en=1, div_val=6 | Freq=clk/64 (Diff=40)
# [233356000] [PASS] ID 36 | div_en=1, div_val=7 | Freq=clk/128 (Diff=20)
# [259156000] [PASS] ID 37 | div_en=1, div_val=8 | Freq=clk/256 (Diff=10)
# [284956000] [PASS] ID 38 | div_en=0, div_val=2 | Freq=clk/1 (Diff=2560)
# =======================================================
# [284956000] [TEST SUMMARY] PATTERN: cnt_ctrl_chk ---> PASSED
# =======================================================
# 
# ** Note: $finish    : ../tb/test_bench.v(46)
#    Time: 285056 ns  Iteration: 0  Instance: /test_bench
# Saving coverage database on exit...
# End time: 00:09:30 on Sep 05,2026, Elapsed time: 0:00:02
# Errors: 0, Warnings: 0
