# vsim -coverage -l cnt_counting_chk.log -c test_bench -voptargs="+cover=bcesft" -assertdebug -do "coverage save -onexit cnt_counting_chk.ucdb; log -r /*;run -all" 
# Start time: 00:09:26 on Sep 05,2026
# ** Note: (vsim-3813) Design is being optimized due to module recompilation...
# //  Questa Intel Starter FPGA Edition-64
# //  Version 2024.3 linux_x86_64 Sep 10 2024
# //
# // Unpublished work. Copyright 2024 Siemens
# //
# // This material contains trade secrets or otherwise confidential information
# // owned by Siemens Industry Software Inc. or its affiliates (collectively,
# // "SISW"), or its licensors. Access to and use of this information is strictly
# // limited as set forth in the Customer's applicable agreements with SISW.
# //
# // This material may not be copied, distributed, or otherwise disclosed outside
# // of the Customer's facilities without the express written permission of SISW,
# // and may not be used in any way not expressly authorized by SISW.
# //
# Loading work.test_bench(fast)
# coverage save -onexit cnt_counting_chk.ucdb
#  log -r /*
# run -all
# 
# ==============================================
# [0] [TEST START] PATTERN: cnt_counting_chk
# ==============================================
# [0] [INFO] Waiting for system reset to be released
# [35000] [INFO] System reset released
# ==============================================
# 
# [35000] [CASE 1] Boundary of TDR0 (32-bit Overflow)
# [2806000] [PASS] Case 1 successful. TDR1 = 1, TDR0 counts from beginning
# 
# [2806000] [CASE 2] Boundary of TDR0/TDR1 (64-bit Overflow)
# [5536000] [PASS] Case 2 successful. TDR1 wrapped to 0, TDR0 counts from beginning
# 
# [5536000] [CASE 3] Update TDR0/TDR1 on the fly
# [5976000] [PASS] Case 3 successful. Dynamic Update works seamlessly.
# 
# [5976000] [CASE 4] Timer disabled and auto-cleared
# [6636000] [PASS] Case 4 successful. Counter strictly cleared to 0.
# 
# [6636000] [CASE 5] Resume counting with new div mode
# [7546000] [PASS] Case 5 successful. Counter resumed with new mode.
# 
# [7546000] [CASE 6] Counter continues after Interrupt
# [8256000] [PASS] Case 6 successful. Counter counting normally.
# 
# [8256000] [CASE 7] Counter continues after Overflow
# [10096000] [PASS] Case 7 successful. Counter counting normally.
# 
# ==============================================
# [10096000] [TEST SUMMARY] PATTERN: cnt_counting_chk ---> PASSED
# ==============================================
# 
# ** Note: $finish    : ../tb/test_bench.v(46)
#    Time: 10196 ns  Iteration: 0  Instance: /test_bench
# Saving coverage database on exit...
# End time: 00:09:27 on Sep 05,2026, Elapsed time: 0:00:01
# Errors: 0, Warnings: 0
