# vsim -coverage -l halt_mode_chk.log -c test_bench -voptargs="+cover=bcesft" -assertdebug -do "coverage save -onexit halt_mode_chk.ucdb; log -r /*;run -all" 
# Start time: 23:53:21 on Aug 28,2026
# ** Note: (vsim-3813) Design is being optimized due to module recompilation...
# //  Questa Intel Starter FPGA Edition-64
# //  Version 2024.3 linux_x86_64 Sep 10 2024
# //
# // Unpublished work. Copyright 2024 Siemens
# //
# // This material contains trade secrets or otherwise confidential information
# // owned by Siemens Industry Software Inc. or its affiliates (collectively,
# // "SISW"), or its licensors. Access to and use of this information is strictly
# // limited as set forth in the Customer's applicable agreements with SISW.
# //
# // This material may not be copied, distributed, or otherwise disclosed outside
# // of the Customer's facilities without the express written permission of SISW,
# // and may not be used in any way not expressly authorized by SISW.
# //
# Loading work.test_bench(fast)
# coverage save -onexit halt_mode_chk.ucdb
#  log -r /*
# run -all
# 
# ==============================================
# [0] [TEST START] PATTERN: halt_mode_chk
# ==============================================
# [0] [INFO] Waiting for system reset to be released
# [35000] [INFO] System reset released
# ==============================================
# 
# [35000] [CASE 3] dbg_mode = 1, halt_req = 0
# [436000] [PASS] Case 3 successful (halt_ack=0, diff=14)
# 
# [436000] [CASE 4] dbg_mode = 1, halt_req = 1
# [836000] [PASS] Case 4 successful (halt_ack=1, diff=0 - Timer is halted)
# 
# [836000] [CASE 5] Normal -> Halt -> Normal
# [1236000] [PASS] Case 5 (Normal 1) successful
# [1696000] [PASS] Case 5 (Halt) successful
# [2156000] [PASS] Case 5 (Normal 2) successful
# 
# ==============================================
# [2156000] [TEST SUMMARY] PATTERN: halt_mode_chk ---> PASSED
# ==============================================
# 
# ** Note: $finish    : ../tb/test_bench.v(46)
#    Time: 2256 ns  Iteration: 0  Instance: /test_bench
# Saving coverage database on exit...
# End time: 23:53:22 on Aug 28,2026, Elapsed time: 0:00:01
# Errors: 0, Warnings: 0
