# vsim -coverage -l interrupt_rst_chk.log -c test_bench -voptargs="+cover=bcesft" -assertdebug -do "coverage save -onexit interrupt_rst_chk.ucdb; log -r /*;run -all" 
# Start time: 00:09:45 on Sep 05,2026
# ** Note: (vsim-3813) Design is being optimized due to module recompilation...
# //  Questa Intel Starter FPGA Edition-64
# //  Version 2024.3 linux_x86_64 Sep 10 2024
# //
# // Unpublished work. Copyright 2024 Siemens
# //
# // This material contains trade secrets or otherwise confidential information
# // owned by Siemens Industry Software Inc. or its affiliates (collectively,
# // "SISW"), or its licensors. Access to and use of this information is strictly
# // limited as set forth in the Customer's applicable agreements with SISW.
# //
# // This material may not be copied, distributed, or otherwise disclosed outside
# // of the Customer's facilities without the express written permission of SISW,
# // and may not be used in any way not expressly authorized by SISW.
# //
# Loading work.test_bench(fast)
# coverage save -onexit interrupt_rst_chk.ucdb
#  log -r /*
# run -all
# 
# =======================================================
# [0] [TEST START] PATTERN: interrupt_rst_chk
# =======================================================
# 
# [35000] [CASE 48] Checking Interrupt Behavior across Reset
# [35000] Step 1: Setting timer to work normally...
# [226000] Step 2: Waiting for interrupt to assert...
# [3266000] [PASS] Step 2: Interrupt asserted normally before reset.
# [3266000] Step 3: Asserting Hardware Reset (sys_rst_n = 0)...
# [3275000] [PASS] Step 3: Output tim_int cleared immediately on reset.
# [3366000] [PASS] Step 3: TISR register confirmed clean after reset.
# [3366000] Step 4: Re-configuring timer after reset...
# [3486000] Step 5: Enabling timer again...
# [4566000] [PASS] Step 5: Interrupt successfully asserted again after reset (Recovery OK!).
# 
# =======================================================
# [4566000] [TEST SUMMARY] PATTERN: interrupt_rst_chk ---> PASSED
# =======================================================
# 
# ** Note: $finish    : ../tb/test_bench.v(46)
#    Time: 4666 ns  Iteration: 0  Instance: /test_bench
# Saving coverage database on exit...
# End time: 00:09:46 on Sep 05,2026, Elapsed time: 0:00:01
# Errors: 0, Warnings: 0
