# vsim -coverage -l reg_init_chk.log -c test_bench -voptargs="+cover=bcesft" -assertdebug -do "coverage save -onexit reg_init_chk.ucdb; log -r /*;run -all" 
# Start time: 23:53:13 on Aug 28,2026
# ** Note: (vsim-3812) Design is being optimized...
# //  Questa Intel Starter FPGA Edition-64
# //  Version 2024.3 linux_x86_64 Sep 10 2024
# //
# // Unpublished work. Copyright 2024 Siemens
# //
# // This material contains trade secrets or otherwise confidential information
# // owned by Siemens Industry Software Inc. or its affiliates (collectively,
# // "SISW"), or its licensors. Access to and use of this information is strictly
# // limited as set forth in the Customer's applicable agreements with SISW.
# //
# // This material may not be copied, distributed, or otherwise disclosed outside
# // of the Customer's facilities without the express written permission of SISW,
# // and may not be used in any way not expressly authorized by SISW.
# //
# Loading work.test_bench(fast)
# coverage save -onexit reg_init_chk.ucdb
#  log -r /*
# run -all
# 
# ==============================================
# [0] [TEST START] PATTERN: reg_init_chk
# ==============================================
# [0] [INFO] Waiting for system reset to be released
# [35000] [INFO] System reset released
# ----------------------------------------------
# [76000] [PASS] Offset 12'h000 matches Reset Value 32'h00000100
# [116000] [PASS] Offset 12'h004 matches Reset Value 32'h00000000
# [156000] [PASS] Offset 12'h008 matches Reset Value 32'h00000000
# [196000] [PASS] Offset 12'h00c matches Reset Value 32'hffffffff
# [236000] [PASS] Offset 12'h010 matches Reset Value 32'hffffffff
# [276000] [PASS] Offset 12'h014 matches Reset Value 32'h00000000
# [316000] [PASS] Offset 12'h018 matches Reset Value 32'h00000000
# [356000] [PASS] Offset 12'h01c matches Reset Value 32'h00000000
# ==============================================
# [356000] [TEST SUMMARY] PATTERN: reg_init_chk ---> PASSED
# ==============================================
# 
# ** Note: $finish    : ../tb/test_bench.v(46)
#    Time: 456 ns  Iteration: 0  Instance: /test_bench
# Saving coverage database on exit...
# End time: 23:53:14 on Aug 28,2026, Elapsed time: 0:00:01
# Errors: 0, Warnings: 0
