# vsim -coverage -l reg_one_hot_chk.log -c test_bench -voptargs="+cover=bcesft" -assertdebug -do "coverage save -onexit reg_one_hot_chk.ucdb; log -r /*;run -all" 
# Start time: 00:09:21 on Sep 05,2026
# ** Note: (vsim-3813) Design is being optimized due to module recompilation...
# //  Questa Intel Starter FPGA Edition-64
# //  Version 2024.3 linux_x86_64 Sep 10 2024
# //
# // Unpublished work. Copyright 2024 Siemens
# //
# // This material contains trade secrets or otherwise confidential information
# // owned by Siemens Industry Software Inc. or its affiliates (collectively,
# // "SISW"), or its licensors. Access to and use of this information is strictly
# // limited as set forth in the Customer's applicable agreements with SISW.
# //
# // This material may not be copied, distributed, or otherwise disclosed outside
# // of the Customer's facilities without the express written permission of SISW,
# // and may not be used in any way not expressly authorized by SISW.
# //
# Loading work.test_bench(fast)
# coverage save -onexit reg_one_hot_chk.ucdb
#  log -r /*
# run -all
# 
# ==============================================
# [0] [TEST START] PATTERN: reg_1hot_chk
# ==============================================
# [0] [INFO] Waiting for system reset to be released
# [35000] [INFO] System reset released
# ==============================================
# [35000] [INFO] Writing distinct values to all registers...
# [316000] [INFO] Reading back and comparing...
# [356000] [PASS] TCR data retained.
# [396000] [PASS] TDR0 data retained.
# [436000] [PASS] TDR1 data retained.
# [476000] [PASS] TCMP0 data retained.
# [516000] [PASS] TCMP1 data retained.
# [556000] [PASS] TIER data retained.
# [596000] [PASS] THCSR data retained.
# ==============================================
# [596000] [TEST SUMMARY] PATTERN: reg_1hot_chk ---> PASSED
# ==============================================
# 
# ** Note: $finish    : ../tb/test_bench.v(46)
#    Time: 696 ns  Iteration: 0  Instance: /test_bench
# Saving coverage database on exit...
# End time: 00:09:22 on Sep 05,2026, Elapsed time: 0:00:01
# Errors: 0, Warnings: 0
